Copyright 1986-2022 Xilinx, Inc. All Rights Reserved. Copyright 2022-2025 Advanced Micro Devices, Inc. All Rights Reserved.
---------------------------------------------------------------------------------------------------------------------------------------------
| Tool Version : Vivado v.2025.1 (win64) Build 6140274 Thu May 22 00:12:29 MDT 2025
| Date         : Tue Sep  8 17:30:23 2026
| Host         : DESKTOP-LAL0689 running 64-bit major release  (build 9200)
| Command      : report_utilization -file DPU_Block_wrapper_utilization_impl.rpt
| Design       : DPU_Block_wrapper
| Device       : xczu3eg-sfvc784-2-e
| Speed File   : -2
| Design State : Routed
---------------------------------------------------------------------------------------------------------------------------------------------

Utilization Design Information

Table of Contents
-----------------
1. CLB Logic
1.1 Summary of Registers by Type
2. CLB Logic Distribution
3. BLOCKRAM
4. ARITHMETIC
5. I/O
6. CLOCK
7. ADVANCED
8. CONFIGURATION
9. Primitives
10. Black Boxes
11. Instantiated Netlists

1. CLB Logic
------------

+----------------------------+-------+-------+------------+-----------+-------+
|          Site Type         |  Used | Fixed | Prohibited | Available | Util% |
+----------------------------+-------+-------+------------+-----------+-------+
| CLB LUTs                   | 14522 |     0 |          0 |     70560 | 20.58 |
|   LUT as Logic             | 13600 |     0 |          0 |     70560 | 19.27 |
|   LUT as Memory            |   922 |     0 |          0 |     28800 |  3.20 |
|     LUT as Distributed RAM |   528 |     0 |            |           |       |
|     LUT as Shift Register  |   394 |     0 |            |           |       |
| CLB Registers              |  8963 |     0 |          0 |    141120 |  6.35 |
|   Register as Flip Flop    |  8963 |     0 |          0 |    141120 |  6.35 |
|   Register as Latch        |     0 |     0 |          0 |    141120 |  0.00 |
| CARRY8                     |   704 |     0 |          0 |      8820 |  7.98 |
| F7 Muxes                   |   309 |     0 |          0 |     35280 |  0.88 |
| F8 Muxes                   |   152 |     0 |          0 |     17640 |  0.86 |
| F9 Muxes                   |     0 |     0 |          0 |      8820 |  0.00 |
+----------------------------+-------+-------+------------+-----------+-------+
* Warning! LUT value is adjusted to account for LUT combining.


1.1 Summary of Registers by Type
--------------------------------

+-------+--------------+-------------+--------------+
| Total | Clock Enable | Synchronous | Asynchronous |
+-------+--------------+-------------+--------------+
| 0     |            _ |           - |            - |
| 0     |            _ |           - |          Set |
| 0     |            _ |           - |        Reset |
| 0     |            _ |         Set |            - |
| 0     |            _ |       Reset |            - |
| 0     |          Yes |           - |            - |
| 28    |          Yes |           - |          Set |
| 2321  |          Yes |           - |        Reset |
| 364   |          Yes |         Set |            - |
| 6250  |          Yes |       Reset |            - |
+-------+--------------+-------------+--------------+


2. CLB Logic Distribution
-------------------------

+--------------------------------------------+-------+-------+------------+-----------+-------+
|                  Site Type                 |  Used | Fixed | Prohibited | Available | Util% |
+--------------------------------------------+-------+-------+------------+-----------+-------+
| CLB                                        |  2651 |     0 |          0 |      8820 | 30.06 |
|   CLBL                                     |  1763 |     0 |            |           |       |
|   CLBM                                     |   888 |     0 |            |           |       |
| LUT as Logic                               | 13600 |     0 |          0 |     70560 | 19.27 |
|   using O5 output only                     |   370 |       |            |           |       |
|   using O6 output only                     |  8082 |       |            |           |       |
|   using O5 and O6                          |  5148 |       |            |           |       |
| LUT as Memory                              |   922 |     0 |          0 |     28800 |  3.20 |
|   LUT as Distributed RAM                   |   528 |     0 |            |           |       |
|     using O5 output only                   |     0 |       |            |           |       |
|     using O6 output only                   |     0 |       |            |           |       |
|     using O5 and O6                        |   528 |       |            |           |       |
|   LUT as Shift Register                    |   394 |     0 |            |           |       |
|     using O5 output only                   |     0 |       |            |           |       |
|     using O6 output only                   |   394 |       |            |           |       |
|     using O5 and O6                        |     0 |       |            |           |       |
| CLB Registers                              |  8963 |     0 |          0 |    141120 |  6.35 |
|   Register driven from within the CLB      |  6685 |       |            |           |       |
|   Register driven from outside the CLB     |  2278 |       |            |           |       |
|     LUT in front of the register is unused |  1560 |       |            |           |       |
|     LUT in front of the register is used   |   718 |       |            |           |       |
| Unique Control Sets                        |   598 |       |          0 |     17640 |  3.39 |
+--------------------------------------------+-------+-------+------------+-----------+-------+
* * Note: Available Control Sets calculated as Slices * 2, Review the Control Sets Report for more information regarding control sets.


3. BLOCKRAM
-----------

+-------------------+------+-------+------------+-----------+-------+
|     Site Type     | Used | Fixed | Prohibited | Available | Util% |
+-------------------+------+-------+------------+-----------+-------+
| Block RAM Tile    |   18 |     0 |          0 |       216 |  8.33 |
|   RAMB36/FIFO*    |   18 |     0 |          0 |       216 |  8.33 |
|     RAMB36E2 only |   18 |       |            |           |       |
|   RAMB18          |    0 |     0 |          0 |       432 |  0.00 |
+-------------------+------+-------+------------+-----------+-------+
* Note: Each Block RAM Tile only has one FIFO logic available and therefore can accommodate only one FIFO36E2 or one FIFO18E2. However, if a FIFO18E2 occupies a Block RAM Tile, that tile can still accommodate a RAMB18E2


4. ARITHMETIC
-------------

+-----------+------+-------+------------+-----------+-------+
| Site Type | Used | Fixed | Prohibited | Available | Util% |
+-----------+------+-------+------------+-----------+-------+
| DSPs      |    0 |     0 |          0 |       360 |  0.00 |
+-----------+------+-------+------------+-----------+-------+


5. I/O
------

+------------------+------+-------+------------+-----------+-------+
|     Site Type    | Used | Fixed | Prohibited | Available | Util% |
+------------------+------+-------+------------+-----------+-------+
| Bonded IOB       |    0 |     0 |          0 |       252 |  0.00 |
|   HPIOB_M        |    0 |     0 |          0 |        72 |  0.00 |
|   HPIOB_S        |    0 |     0 |          0 |        72 |  0.00 |
|   HDIOB_M        |    0 |     0 |          0 |        48 |  0.00 |
|   HDIOB_S        |    0 |     0 |          0 |        48 |  0.00 |
|   HPIOB_SNGL     |    0 |     0 |          0 |        12 |  0.00 |
| HPIOBDIFFINBUF   |    0 |     0 |          0 |        72 |  0.00 |
| HPIOBDIFFOUTBUF  |    0 |     0 |          0 |        72 |  0.00 |
| HDIOBDIFFINBUF   |    0 |     0 |          0 |        48 |  0.00 |
| BITSLICE_CONTROL |    0 |     0 |          0 |        24 |  0.00 |
| BITSLICE_RX_TX   |    0 |     0 |          0 |       936 |  0.00 |
| BITSLICE_TX      |    0 |     0 |          0 |        24 |  0.00 |
| RIU_OR           |    0 |     0 |          0 |        12 |  0.00 |
+------------------+------+-------+------------+-----------+-------+


6. CLOCK
--------

+------------+------+-------+------------+-----------+-------+
|  Site Type | Used | Fixed | Prohibited | Available | Util% |
+------------+------+-------+------------+-----------+-------+
| BUFGCE     |    2 |     0 |          0 |        88 |  2.27 |
| BUFGCE_DIV |    0 |     0 |          0 |        12 |  0.00 |
| BUFG_PS    |    1 |     0 |          0 |        72 |  1.39 |
| BUFGCTRL*  |    0 |     0 |          0 |        24 |  0.00 |
| PLL        |    0 |     0 |          0 |         6 |  0.00 |
| MMCM       |    0 |     0 |          0 |         3 |  0.00 |
+------------+------+-------+------------+-----------+-------+
* Note: Each used BUFGCTRL counts as two GLOBAL CLOCK BUFFERs. This table does not include global clocking resources, only buffer cell usage. See the Clock Utilization Report (report_clock_utilization) for detailed accounting of global clocking resource availability.


7. ADVANCED
-----------

+-----------+------+-------+------------+-----------+--------+
| Site Type | Used | Fixed | Prohibited | Available |  Util% |
+-----------+------+-------+------------+-----------+--------+
| PS8       |    1 |     0 |          0 |         1 | 100.00 |
| SYSMONE4  |    0 |     0 |          0 |         1 |   0.00 |
+-----------+------+-------+------------+-----------+--------+


8. CONFIGURATION
----------------

+-------------+------+-------+------------+-----------+-------+
|  Site Type  | Used | Fixed | Prohibited | Available | Util% |
+-------------+------+-------+------------+-----------+-------+
| BSCANE2     |    0 |     0 |          0 |         4 |  0.00 |
| DNA_PORTE2  |    0 |     0 |          0 |         1 |  0.00 |
| EFUSE_USR   |    0 |     0 |          0 |         1 |  0.00 |
| FRAME_ECCE4 |    0 |     0 |          0 |         1 |  0.00 |
| ICAPE3      |    0 |     0 |          0 |         2 |  0.00 |
| MASTER_JTAG |    0 |     0 |          0 |         1 |  0.00 |
| STARTUPE3   |    0 |     0 |          0 |         1 |  0.00 |
+-------------+------+-------+------------+-----------+-------+


9. Primitives
-------------

+----------+------+---------------------+
| Ref Name | Used | Functional Category |
+----------+------+---------------------+
| FDRE     | 6250 |            Register |
| LUT4     | 5666 |                 CLB |
| LUT6     | 4436 |                 CLB |
| LUT5     | 4051 |                 CLB |
| LUT3     | 2332 |                 CLB |
| FDCE     | 2321 |            Register |
| LUT2     | 1956 |                 CLB |
| RAMD32   |  924 |                 CLB |
| CARRY8   |  704 |                 CLB |
| FDSE     |  364 |            Register |
| MUXF7    |  309 |                 CLB |
| LUT1     |  307 |                 CLB |
| SRL16E   |  210 |                 CLB |
| SRLC32E  |  184 |                 CLB |
| MUXF8    |  152 |                 CLB |
| RAMS32   |  132 |                 CLB |
| FDPE     |   28 |            Register |
| RAMB36E2 |   18 |            BLOCKRAM |
| BUFGCE   |    2 |               Clock |
| PS8      |    1 |            Advanced |
| BUFG_PS  |    1 |               Clock |
+----------+------+---------------------+


10. Black Boxes
---------------

+----------+------+
| Ref Name | Used |
+----------+------+


11. Instantiated Netlists
-------------------------

+-------------------------------+------+
|            Ref Name           | Used |
+-------------------------------+------+
| DPU_Block_zynq_ultra_ps_e_0_0 |    1 |
| DPU_Block_smartconnect_0_0    |    1 |
| DPU_Block_proc_sys_reset_0_0  |    1 |
| DPU_Block_dpu_axi_0_0         |    1 |
| DPU_Block_blk_mem_gen_2_0     |    1 |
| DPU_Block_blk_mem_gen_1_0     |    1 |
| DPU_Block_blk_mem_gen_0_0     |    1 |
| DPU_Block_axi_bram_ctrl_2_0   |    1 |
| DPU_Block_axi_bram_ctrl_1_0   |    1 |
| DPU_Block_axi_bram_ctrl_0_0   |    1 |
+-------------------------------+------+


